#!/bin/bash
#Combination of 1 2 3
for i in 1 2 3
do
for j in 1 2 3
do 
for k in 1 2 3
do
echo $i $j $k
done 
done
done

bmsce@bmsce-OptiPlex-3060:~$ sh combination.sh
1 1 1
1 1 2
1 1 3
1 2 1
1 2 2
1 2 3
1 3 1
1 3 2
1 3 3
2 1 1
2 1 2
2 1 3
2 2 1
2 2 2
2 2 3
2 3 1
2 3 2
2 3 3
3 1 1
3 1 2
3 1 3
3 2 1
3 2 2
3 2 3
3 3 1
3 3 2
3 3 3

#!/bin/bash
#Power of a number
echo "Enter the base value"
read x
echo "Enter the exponent value"
read n
ans=1
i=0
while [ $i -lt $n ]
do
ans=`expr $ans \* $x`
i=`expr $i + 1`
done
echo "$x^$n = $ans"

bmsce@bmsce-OptiPlex-3060:~$ sh power.sh
Enter the base value
2
Enter the exponent value
4
2^4 = 16
bmsce@bmsce-OptiPlex-3060:~$ sh power.sh
Enter the base value
5
Enter the exponent value
3
5^3 = 125

#!/bin/bash
#Sum of n numbers
echo "Enter a number"
read n
temp1=`expr $n + 1`
temp2=`expr $temp1 \* $n`
sum=`expr $temp2 / 2`
echo "Sum of first $n natural numbers = $sum"

bmsce@bmsce-OptiPlex-3060:~$ sh sumofn.sh
Enter a number
5
Sum of first 5 natural numbers = 15
bmsce@bmsce-OptiPlex-3060:~$ sh sumofn.sh
Enter a number
10
Sum of first 10 natural numbers = 55

#!/bin/bash
#Fibonacci series 
echo "Enter the limit"
read n
n1=0
n2=1
if [ $n -eq 1 ]
then
echo $n1
elif [ $n -eq 2 ]
then
echo $n1 $n2
else
count=2
echo $n1
echo $n2
while [ $count -lt $n ]
do
n3=`expr $n1 + $n2`
n1=$n2
n2=$n3
count=`expr $count + 1`
echo $n2
done
fi


bmsce@bmsce-OptiPlex-3060:~$ sh fib.sh
Enter the limit
1
0
bmsce@bmsce-OptiPlex-3060:~$ sh fib.sh
Enter the limit
2
0 1
bmsce@bmsce-OptiPlex-3060:~$ sh fib.sh
Enter the limit
5
0
1
1
2
3

#!/bin/bash
#LCM and GCD of two numbers
echo "Enter two numbers"
read m n
temp=`expr $m \* $n`
while [ $m != $n ]
do
if [ $m -gt $n ]
then
m=`expr $m - $n`
else
n=`expr $n - $m`
fi
done
echo "GCD = $n"
lcm=`expr $temp / $n`
echo "LCM = $lcm"


bmsce@bmsce-OptiPlex-3060:~$ sh lcmgcd.sh
Enter two numbers
2 5
GCD = 1
LCM = 10
bmsce@bmsce-OptiPlex-3060:~$ sh lcmgcd.sh
Enter two numbers
6 12
GCD = 6
LCM = 12

#!/bin/bash
#Validate name to not exceed 20 characters
echo "Enter your name"
read name
_LEN=${#name}
if [ "$_LEN" -gt 20 ]
then
echo "This name is invalid. It exceeds 20 characters."
else
echo "This name is valid"
fi

bmsce@bmsce-OptiPlex-3060:~$ sh validatename.sh
Enter your name
Vibha
This name is valid
bmsce@bmsce-OptiPlex-3060:~$ sh validatename.sh
Enter your name
Vibha Venkatesh Shanbhag
This name is invalid. It exceeds 20 characters.
                                                                                  
#!/bin/bash
#First occurence of a character in a string
echo "Enter a string"
read s
echo "Enter a character"
read ch
flag=-1
count=0
for i in $s
#for (( i=0; i<${#s}; i++ ));
do
#c=`echo "${s:$i:1}"`
#if [ "${s:$i:1}" -eq "$ch" ]
if [ $i -eq $ch ]
then
echo "$ch is found at $count location of $s"
flag=0
break
else
count=`expr $count + 1`
fi
done
if [ $flag -lt 0 ]
then
echo "$ch is not found in $s"
fi

